// Jest Snapshot v1, https://goo.gl/fbAQLP

exports[`ImageButton renders correctly 1`] = `
<body>
  <div>
    <button
      class="image-button"
      disabled=""
    >
      <img
        alt="left-arrow"
        src="../../images/right-arrow.png"
        width="25"
      />
    </button>
  </div>
  <div>
    <button
      class="image-button"
      disabled=""
    >
      <img
        alt="left-arrow"
        src="../../images/right-arrow.png"
        width="25"
      />
    </button>
  </div>
</body>
`;
