// Jest Snapshot v1, https://goo.gl/fbAQLP

exports[`App renders correctly 1`] = `
<body>
  <div>
    <main>
      <div
        class="wrapper-filter"
      >
        <form
          class="form-search flex f-direction-column f-align-center"
        >
          <div
            class="search-bar-wrapper flex f-align-center f-justify-center"
            data-testid="search-bar"
          >
            <img
              alt="icon-search"
              src="search-icon-yellow.png"
              width="25"
            />
            <input
              placeholder="Search*"
              type="text"
              value=""
            />
          </div>
          <div
            class="search-bar-wrapper flex f-align-center f-justify-center"
            data-testid="search-bar"
          >
            <img
              alt="icon-key"
              src="key-icon.png"
              width="25"
            />
            <input
              placeholder="Api Key*"
              type="text"
              value=""
            />
          </div>
          <div
            class="flex f-align-center"
          >
            <input
              class="button"
              type="submit"
              value="Search"
            />
          </div>
        </form>
      </div>
      <div
        class="flex f-justify-center"
      />
    </main>
  </div>
  <div>
    <main>
      <div
        class="wrapper-filter"
      >
        <form
          class="form-search flex f-direction-column f-align-center"
        >
          <div
            class="search-bar-wrapper flex f-align-center f-justify-center"
            data-testid="search-bar"
          >
            <img
              alt="icon-search"
              src="search-icon-yellow.png"
              width="25"
            />
            <input
              placeholder="Search*"
              type="text"
              value=""
            />
          </div>
          <div
            class="search-bar-wrapper flex f-align-center f-justify-center"
            data-testid="search-bar"
          >
            <img
              alt="icon-key"
              src="key-icon.png"
              width="25"
            />
            <input
              placeholder="Api Key*"
              type="text"
              value=""
            />
          </div>
          <div
            class="flex f-align-center"
          >
            <input
              class="button"
              type="submit"
              value="Search"
            />
          </div>
        </form>
      </div>
      <div
        class="flex f-justify-center"
      />
    </main>
  </div>
</body>
`;
